org\llin\demo\twelvequotes\util\LoggingAdvice.class
org\llin\demo\twelvequotes\controller\StockTypeController.class
org\llin\demo\twelvequotes\respository\SingleQuoteRepository.class
org\llin\demo\twelvequotes\util\TestDataUtil.class
META-INF\spring-configuration-metadata.json
org\llin\demo\twelvequotes\Constants.class
org\llin\demo\twelvequotes\util\URLParams.class
org\llin\demo\twelvequotes\util\JsonUtilSingleQuote.class
org\llin\demo\twelvequotes\model\Interval.class
org\llin\demo\twelvequotes\controller\QuoteDetailController.class
org\llin\demo\twelvequotes\model\QuoteDetailRequest.class
org\llin\demo\twelvequotes\model\Events.class
org\llin\demo\twelvequotes\controller\CountryController.class
org\llin\demo\twelvequotes\ServletInitializer.class
org\llin\demo\twelvequotes\controller\HomeController.class
org\llin\demo\twelvequotes\model\SingleQuote.class
org\llin\demo\twelvequotes\model\ChunkedList.class
org\llin\demo\twelvequotes\model\TimeSpan.class
org\llin\demo\twelvequotes\controller\CustomErrorController.class
org\llin\demo\twelvequotes\util\APICallValidator.class
org\llin\demo\twelvequotes\controller\QuotesController.class
org\llin\demo\twelvequotes\controller\SignoutController.class
org\llin\demo\twelvequotes\config\TwelveQuotesConfig.class
org\llin\demo\twelvequotes\controller\IndexController.class
org\llin\demo\twelvequotes\model\AllQuotes.class
org\llin\demo\twelvequotes\util\ChunkerUtil.class
org\llin\demo\twelvequotes\util\QuotesRetriever.class
org\llin\demo\twelvequotes\model\QuoteResponse.class
org\llin\demo\twelvequotes\service\SingleQuoteService.class
org\llin\demo\twelvequotes\util\CsvUtil.class
org\llin\demo\twelvequotes\controller\util\QuoteDetailRequestValidator.class
org\llin\demo\twelvequotes\model\ChunkedSubList.class
org\llin\demo\twelvequotes\AllQoutesApplication.class
org\llin\demo\twelvequotes\util\JsonUtilQuoteDetailResponse.class
org\llin\demo\twelvequotes\util\JsonUtilSingleQuote$1.class
org\llin\demo\twelvequotes\model\DetailResponseResults.class
org\llin\demo\twelvequotes\model\QuoteDetailResponse.class
org\llin\demo\twelvequotes\controller\util\SearchRequest.class
org\llin\demo\twelvequotes\controller\ChartController.class
org\llin\demo\twelvequotes\model\ChunkedGroupList.class
