D:\Documents\eclipse-workspace\twelve-quotes\src\main\java\org\llin\demo\twelvequotes\util\QuotesRetriever.java
D:\Documents\eclipse-workspace\twelve-quotes\src\main\java\org\llin\demo\twelvequotes\AllQoutesApplication.java
D:\Documents\eclipse-workspace\twelve-quotes\src\main\java\org\llin\demo\twelvequotes\model\DetailResponseResults.java
D:\Documents\eclipse-workspace\twelve-quotes\src\main\java\org\llin\demo\twelvequotes\model\TimeSpan.java
D:\Documents\eclipse-workspace\twelve-quotes\src\main\java\org\llin\demo\twelvequotes\model\AllQuotes.java
D:\Documents\eclipse-workspace\twelve-quotes\src\main\java\org\llin\demo\twelvequotes\util\LoggingAdvice.java
D:\Documents\eclipse-workspace\twelve-quotes\src\main\java\org\llin\demo\twelvequotes\controller\SignoutController.java
D:\Documents\eclipse-workspace\twelve-quotes\src\main\java\org\llin\demo\twelvequotes\respository\SingleQuoteRepository.java
D:\Documents\eclipse-workspace\twelve-quotes\src\main\java\org\llin\demo\twelvequotes\model\ChunkedGroupList.java
D:\Documents\eclipse-workspace\twelve-quotes\src\main\java\org\llin\demo\twelvequotes\model\ChunkedList.java
D:\Documents\eclipse-workspace\twelve-quotes\src\main\java\org\llin\demo\twelvequotes\controller\CountryController.java
D:\Documents\eclipse-workspace\twelve-quotes\src\main\java\org\llin\demo\twelvequotes\util\TestDataUtil.java
D:\Documents\eclipse-workspace\twelve-quotes\src\main\java\org\llin\demo\twelvequotes\model\QuoteDetailResponse.java
D:\Documents\eclipse-workspace\twelve-quotes\src\main\java\org\llin\demo\twelvequotes\Constants.java
D:\Documents\eclipse-workspace\twelve-quotes\src\main\java\org\llin\demo\twelvequotes\util\JsonUtilQuoteDetailResponse.java
D:\Documents\eclipse-workspace\twelve-quotes\src\main\java\org\llin\demo\twelvequotes\util\URLParams.java
D:\Documents\eclipse-workspace\twelve-quotes\src\main\java\org\llin\demo\twelvequotes\controller\HomeController.java
D:\Documents\eclipse-workspace\twelve-quotes\src\main\java\org\llin\demo\twelvequotes\controller\util\SearchRequest.java
D:\Documents\eclipse-workspace\twelve-quotes\src\main\java\org\llin\demo\twelvequotes\model\SingleQuote.java
D:\Documents\eclipse-workspace\twelve-quotes\src\main\java\org\llin\demo\twelvequotes\controller\CustomErrorController.java
D:\Documents\eclipse-workspace\twelve-quotes\src\main\java\org\llin\demo\twelvequotes\controller\QuotesController.java
D:\Documents\eclipse-workspace\twelve-quotes\src\main\java\org\llin\demo\twelvequotes\util\CsvUtil.java
D:\Documents\eclipse-workspace\twelve-quotes\src\main\java\org\llin\demo\twelvequotes\util\ChunkerUtil.java
D:\Documents\eclipse-workspace\twelve-quotes\src\main\java\org\llin\demo\twelvequotes\controller\IndexController.java
D:\Documents\eclipse-workspace\twelve-quotes\src\main\java\org\llin\demo\twelvequotes\service\SingleQuoteService.java
D:\Documents\eclipse-workspace\twelve-quotes\src\main\java\org\llin\demo\twelvequotes\controller\util\QuoteDetailRequestValidator.java
D:\Documents\eclipse-workspace\twelve-quotes\src\main\java\org\llin\demo\twelvequotes\model\Interval.java
D:\Documents\eclipse-workspace\twelve-quotes\src\main\java\org\llin\demo\twelvequotes\model\QuoteDetailRequest.java
D:\Documents\eclipse-workspace\twelve-quotes\src\main\java\org\llin\demo\twelvequotes\controller\QuoteDetailController.java
D:\Documents\eclipse-workspace\twelve-quotes\src\main\java\org\llin\demo\twelvequotes\util\APICallValidator.java
D:\Documents\eclipse-workspace\twelve-quotes\src\main\java\org\llin\demo\twelvequotes\controller\StockTypeController.java
D:\Documents\eclipse-workspace\twelve-quotes\src\main\java\org\llin\demo\twelvequotes\config\TwelveQuotesConfig.java
D:\Documents\eclipse-workspace\twelve-quotes\src\main\java\org\llin\demo\twelvequotes\model\Events.java
D:\Documents\eclipse-workspace\twelve-quotes\src\main\java\org\llin\demo\twelvequotes\controller\ChartController.java
D:\Documents\eclipse-workspace\twelve-quotes\src\main\java\org\llin\demo\twelvequotes\ServletInitializer.java
D:\Documents\eclipse-workspace\twelve-quotes\src\main\java\org\llin\demo\twelvequotes\util\JsonUtilSingleQuote.java
D:\Documents\eclipse-workspace\twelve-quotes\src\main\java\org\llin\demo\twelvequotes\model\ChunkedSubList.java
D:\Documents\eclipse-workspace\twelve-quotes\src\main\java\org\llin\demo\twelvequotes\model\QuoteResponse.java
